# serializer version: 1
# name: test_render_chat_list_includes_index_and_unread_marker
  '''
  ┌─────┬───┬──────┬─────────────┬──────────────────────────┬───────────┐
  │   # │   │ Type │ Chat        │ Last                     │ Updated   │
  ├─────┼───┼──────┼─────────────┼──────────────────────────┼───────────┤
  │   1 │ ● │ 1:1  │ Alice Smith │ Alice: lgtm, merging now │ Fri 10:03 │
  └─────┴───┴──────┴─────────────┴──────────────────────────┴───────────┘
  
  '''
# ---
# name: test_render_messages_oldest_first
  '''
  ┌─────┬──────────┬─────────────┬───────────────────┬──────────────┐
  │   # │ Time     │ From        │ Message           │ Rxn          │
  ├─────┼──────────┼─────────────┼───────────────────┼──────────────┤
  │   1 │ 10:02    │ me          │ ok if I merge?    │ like         │
  │   2 │ 10:03    │ Alice Smith │ lgtm, merging now │              │
  └─────┴──────────┴─────────────┴───────────────────┴──────────────┘
  
  '''
# ---
